structure My_struct where
  field1 : Int
  field2 : Int
